[
  {
    "id": "11111111",
    "authorId": "1",
    "subId": "111",
    "title": "post11111111",
    "content": "Stuff about post11111111",
    "created": "2023-07-06T12:00:00Z"
  },
  {
    "id": "33333333",
    "authorId": "1",
    "subId": "222",
    "title": "post33333333",
    "content": "Stuff about post33333333",
    "created": "2023-07-06T12:00:00Z"
  }
]