{
  "items": [
    {
      "id": "2SCJoLUEASN7OXYDX6FkiZO1DhM",
      "authorName": "1",
      "subId": "333",
      "title": "post 6",
      "content": "Stuff about post 6",
      "created": "2023-07-06T12:00:02Z"
    },
    {
      "id": "2SCJoEUcmYgQj3MtzK0wagL1GTY",
      "authorName": "1",
      "subId": "333",
      "title": "post 5",
      "content": "Stuff about post 5",
      "created": "2023-07-06T12:00:01Z"
    }
  ],
  "next": "2SCJoEUcmYgQj3MtzK0wagL1GTY"
}