{
  "items": [
    {
      "id": "2SCJoKMdEzI7wQeQuFLHcIwdGjT",
      "authorId": "0BHJVDjwptqeDHxcQZ6RzvXcYlo",
      "subId": "333",
      "title": "post 3",
      "content": "Stuff about post 3",
      "created": "2023-07-06T12:00:02Z"
    },
    {
      "id": "2SCJo9XyxMmlKwdHYoF0pK6A5EZ",
      "authorId": "0BHJVDjwptqeDHxcQZ6RzvXcYlo",
      "subId": "333",
      "title": "post 2",
      "content": "Stuff about post 2",
      "created": "2023-07-06T12:00:01Z"
    },
    {
      "id": "2SCJo6TLReBpeVSFPmkYAyw7aKi",
      "authorId": "0BHJVDjwptqeDHxcQZ6RzvXcYlo",
      "subId": "222",
      "title": "post2SCJo6TLReBpeVSFPmkYAyw7aKi",
      "content": "Stuff about post2SCJo6TLReBpeVSFPmkYAyw7aKi",
      "created": "2023-07-06T12:00:00Z"
    },
    {
      "id": "2SCJo2hTM20ZtEaQy5u3MaMvIQs",
      "authorId": "0BHJVDjwptqeDHxcQZ6RzvXcYlo",
      "subId": "333",
      "title": "post 1",
      "content": "Stuff about post 1",
      "created": "2023-07-06T12:00:00Z"
    },
    {
      "id": "2SCJo1rhpT7rumgCoxi7tSNicIB",
      "authorId": "0BHJVDjwptqeDHxcQZ6RzvXcYlo",
      "subId": "111",
      "title": "post2SCJo1rhpT7rumgCoxi7tSNicIB",
      "content": "Stuff about post2SCJo1rhpT7rumgCoxi7tSNicIB",
      "created": "2023-07-06T12:00:00Z"
    }
  ]
}