{
  "items": [
    {
      "id": "2SCJo6JLoCCeTAYncdF0v3FGjNV",
      "authorName": "1",
      "subId": "111",
      "title": "post2SCJo6JLoCCeTAYncdF0v3FGjNV",
      "content": "Stuff about post2SCJo6JLoCCeTAYncdF0v3FGjNV",
      "created": "2023-07-06T12:00:00Z"
    },
    {
      "id": "2SCJo59zHWzNiiQOfa3zMkzA4VX",
      "authorName": "2",
      "subId": "111",
      "title": "post2SCJo59zHWzNiiQOfa3zMkzA4VX",
      "content": "Stuff about post2SCJo59zHWzNiiQOfa3zMkzA4VX",
      "created": "2023-07-06T12:00:00Z"
    }
  ]
}