[
  {
    "id": "2SCJo5vUL1hfHMoNzvHz0jkp7uN",
    "authorId": "b2acl29TfvfF0L9H0TmXxi9yCQ",
    "subId": "111",
    "title": "post2SCJo5vUL1hfHMoNzvHz0jkp7uN",
    "content": "Stuff about post2SCJo5vUL1hfHMoNzvHz0jkp7uN",
    "created": "2023-07-06T12:00:00Z"
  },
  {
    "id": "2SCJo1rhpT7rumgCoxi7tSNicIB",
    "authorId": "0BHJVDjwptqeDHxcQZ6RzvXcYlo",
    "subId": "111",
    "title": "post2SCJo1rhpT7rumgCoxi7tSNicIB",
    "content": "Stuff about post2SCJo1rhpT7rumgCoxi7tSNicIB",
    "created": "2023-07-06T12:00:00Z"
  }
]