{
  "items": [
    {
      "id": "2SCJopWtNqLYILLVssVqlrPe5Bz",
      "authorName": "1",
      "subId": "333",
      "title": "post 6",
      "content": "Stuff about post 6",
      "created": "2023-07-06T12:00:06Z"
    },
    {
      "id": "2SCJoeiF6DqBgrKMXRPZysZAth5",
      "authorName": "1",
      "subId": "333",
      "title": "post 5",
      "content": "Stuff about post 5",
      "created": "2023-07-06T12:00:05Z"
    },
    {
      "id": "2SCJoXrjUt40F9HVwj4cW8pw6tO",
      "authorName": "1",
      "subId": "333",
      "title": "post 4",
      "content": "Stuff about post 4",
      "created": "2023-07-06T12:00:04Z"
    },
    {
      "id": "2SCJoTqXYHytuwTYeG7yXeHshB6",
      "authorName": "1",
      "subId": "222",
      "title": "post 3",
      "content": "Stuff about post 3",
      "created": "2023-07-06T12:00:03Z"
    },
    {
      "id": "2SCJo9elrgOE0GLyZ7VGgLUyJuJ",
      "authorName": "1",
      "subId": "111",
      "title": "post 1",
      "content": "Stuff about post 1",
      "created": "2023-07-06T12:00:01Z"
    }
  ]
}